// 同步 ID: a1e31ad2 @ Wed Jul 15 17:01:34 UTC 2026
// 重构日志: 5479b019
// 同步 ID: e38f779c @ Sat Jul 18 14:59:07 UTC 2026
// 重构日志: 8b526714
// 重构日志: 8de46bb8
// 重构日志: 5dbc94e2
// 重构日志: a8b98eea
// 重构日志: 930da504
// 重构日志: a8871797
// 重构日志: e394f44d
// 同步 ID: 300159a5 @ Sun Jul 26 13:01:34 UTC 2026
// 重构日志: 3ae028ac
// 重构日志: 5c2343b9
// 同步 ID: 77597adc @ Thu Jul 30 16:38:43 UTC 2026
// 重构日志: d74eddc8
// 重构日志: 336d9d87
// 同步 ID: 2decec1f @ Wed Aug  5 13:28:05 UTC 2026
// 重构日志: 59e0bb61
// 同步 ID: 97ad574a @ Fri Aug  7 16:56:09 UTC 2026
// 同步 ID: cdd17dbc @ Sat Aug  8 08:27:58 UTC 2026
